*** Booting Zephyr OS build zephyr-v40201 ***
child: configured CHILD_ID=1
CHILD 1 offset: 0 us | synced: 4.000000 ms
CHILD 1 offset: -1000 us | synced: 15006.000000 ms
CHILD 1 offset: -1000 us | synced: 30009.000000 ms
CHILD 1 offset: 0 us | synced: 45011.000000 ms
CHILD 1 offset: -1000 us | synced: 60014.000000 ms
CHILD 1 offset: 0 us | synced: 75016.000000 ms
CHILD 1 offset: -1000 us | synced: 90019.000000 ms
CHILD 1 offset: -1000 us | synced: 105022.000000 ms
CHILD 1 offset: 0 us | synced: 120024.000000 ms
CHILD 1 offset: -1000 us | synced: 135027.000000 ms
CHILD 1 offset: 0 us | synced: 150029.000000 ms
CHILD 1 offset: -1000 us | synced: 165032.000000 ms
CHILD 1 offset: -1000 us | synced: 180035.000000 ms
CHILD 1 offset: 0 us | synced: 195037.000000 ms
CHILD 1 offset: -1000 us | synced: 210040.000000 ms
CHILD 1 offset: 0 us | synced: 225042.000000 ms
CHILD 1 offset: -1000 us | synced: 240045.000000 ms
CHILD 1 offset: -1000 us | synced: 255048.000000 ms
CHILD 1 offset: 0 us | synced: 270050.000000 ms
CHILD 1 offset: -1000 us | synced: 285053.000000 ms
CHILD 1 offset: 0 us | synced: 300055.000000 ms
CHILD 1 offset: -1000 us | synced: 315058.000000 ms
CHILD 1 offset: -1000 us | synced: 330061.000000 ms
CHILD 1 offset: 0 us | synced: 345063.000000 ms
CHILD 1 offset: -1000 us | synced: 360066.000000 ms
CHILD 1 offset: 0 us | synced: 375068.000000 ms
CHILD 1 offset: -1000 us | synced: 390071.000000 ms
CHILD 1 offset: -1000 us | synced: 405074.000000 ms
CHILD 1 offset: 0 us | synced: 420076.000000 ms
CHILD 1 offset: -1000 us | synced: 435079.000000 ms
CHILD 1 offset: 0 us | synced: 450081.000000 ms
CHILD 1 offset: -1000 us | synced: 465084.000000 ms
CHILD 1 offset: -1000 us | synced: 480087.000000 ms
CHILD 1 offset: 0 us | synced: 495089.000000 ms
CHILD 1 offset: -1000 us | synced: 510092.000000 ms
CHILD 1 offset: 0 us | synced: 525094.000000 ms
CHILD 1 offset: -1000 us | synced: 540097.000000 ms
CHILD 1 offset: -1000 us | synced: 555100.000000 ms
CHILD 1 offset: 0 us | synced: 570102.000000 ms
CHILD 1 offset: -1000 us | synced: 585105.000000 ms
CHILD 1 offset: 0 us | synced: 600107.000000 ms
CHILD 1 offset: -1000 us | synced: 615110.000000 ms
CHILD 1 offset: -1000 us | synced: 630113.000000 ms
CHILD 1 offset: 0 us | synced: 645115.000000 ms
CHILD 1 offset: -1000 us | synced: 660118.000000 ms
CHILD 1 offset: 0 us | synced: 675120.000000 ms
CHILD 1 offset: -1000 us | synced: 690123.000000 ms
CHILD 1 offset: -2000 us | synced: 705126.000000 ms
CHILD 1 offset: 0 us | synced: 720128.000000 ms
CHILD 1 offset: -1000 us | synced: 735131.000000 ms
CHILD 1 offset: 0 us | synced: 750133.000000 ms
CHILD 1 offset: -1000 us | synced: 765136.000000 ms
CHILD 1 offset: -1000 us | synced: 780139.000000 ms
CHILD 1 offset: 0 us | synced: 795141.000000 ms
CHILD 1 offset: -1000 us | synced: 810144.000000 ms
CHILD 1 offset: 0 us | synced: 825146.000000 ms
CHILD 1 offset: -1000 us | synced: 840149.000000 ms
CHILD 1 offset: -1000 us | synced: 855152.000000 ms
CHILD 1 offset: 0 us | synced: 870154.000000 ms
CHILD 1 offset: -1000 us | synced: 885157.000000 ms
CHILD 1 offset: 0 us | synced: 900159.000000 ms
CHILD 1 offset: -1000 us | synced: 915162.000000 ms
CHILD 1 offset: -1000 us | synced: 930165.000000 ms
CHILD 1 offset: 0 us | synced: 945167.000000 ms
CHILD 1 offset: -1000 us | synced: 960170.000000 ms
CHILD 1 offset: 0 us | synced: 975172.000000 ms
CHILD 1 offset: -1000 us | synced: 990175.000000 ms
CHILD 1 offset: -1000 us | synced: 1005178.000000 ms
CHILD 1 offset: 0 us | synced: 1020180.000000 ms
CHILD 1 offset: -1000 us | synced: 1035183.000000 ms
CHILD 1 offset: -1000 us | synced: 1050186.000000 ms
CHILD 1 offset: 1000 us | synced: 1065188.000000 ms
CHILD 1 offset: -1000 us | synced: 1080191.000000 ms
CHILD 1 offset: -1000 us | synced: 1095194.000000 ms
CHILD 1 offset: 0 us | synced: 1110196.000000 ms
CHILD 1 offset: -1000 us | synced: 1125199.000000 ms
CHILD 1 offset: -1000 us | synced: 1140202.000000 ms
CHILD 1 offset: -1000 us | synced: 1155205.000000 ms
CHILD 1 offset: 0 us | synced: 1170207.000000 ms
CHILD 1 offset: -1000 us | synced: 1185210.000000 ms
CHILD 1 offset: -1000 us | synced: 1200213.000000 ms
CHILD 1 offset: 0 us | synced: 1215215.000000 ms
CHILD 1 offset: -1000 us | synced: 1230218.000000 ms
CHILD 1 offset: 0 us | synced: 1245221.000000 ms
CHILD 1 offset: 0 us | synced: 1260223.000000 ms
CHILD 1 offset: -1000 us | synced: 1275226.000000 ms
CHILD 1 offset: -1000 us | synced: 1290229.000000 ms
CHILD 1 offset: -1000 us | synced: 1305232.000000 ms
CHILD 1 offset: 0 us | synced: 1320234.000000 ms
CHILD 1 offset: -1000 us | synced: 1335237.000000 ms
CHILD 1 offset: -1000 us | synced: 1350240.000000 ms
CHILD 1 offset: 0 us | synced: 1365242.000000 ms
CHILD 1 offset: -1000 us | synced: 1380245.000000 ms
CHILD 1 offset: -1000 us | synced: 1395248.000000 ms
CHILD 1 offset: 0 us | synced: 1410250.000000 ms
CHILD 1 offset: 0 us | synced: 1425253.000000 ms
CHILD 1 offset: -1000 us | synced: 1440256.000000 ms
CHILD 1 offset: -1000 us | synced: 1455259.000000 ms
CHILD 1 offset: 0 us | synced: 1470261.000000 ms
CHILD 1 offset: -1000 us | synced: 1485264.000000 ms
CHILD 1 offset: -1000 us | synced: 1500267.000000 ms
CHILD 1 offset: 0 us | synced: 1515269.000000 ms
CHILD 1 offset: -1000 us | synced: 1530272.000000 ms
CHILD 1 offset: -1000 us | synced: 1545275.000000 ms
CHILD 1 offset: 0 us | synced: 1560277.000000 ms
CHILD 1 offset: -1000 us | synced: 1575280.000000 ms
CHILD 1 offset: -1000 us | synced: 1590283.000000 ms
CHILD 1 offset: 0 us | synced: 1605286.000000 ms
CHILD 1 offset: 0 us | synced: 1620288.000000 ms
CHILD 1 offset: -1000 us | synced: 1635291.000000 ms
CHILD 1 offset: -1000 us | synced: 1650294.000000 ms
CHILD 1 offset: 0 us | synced: 1665296.000000 ms
CHILD 1 offset: -1000 us | synced: 1680299.000000 ms
CHILD 1 offset: -1000 us | synced: 1695302.000000 ms
CHILD 1 offset: 0 us | synced: 1710304.000000 ms
CHILD 1 offset: -1000 us | synced: 1725307.000000 ms
CHILD 1 offset: -1000 us | synced: 1740310.000000 ms
CHILD 1 offset: -1000 us | synced: 1755313.000000 ms
CHILD 1 offset: 0 us | synced: 1770315.000000 ms
CHILD 1 offset: 0 us | synced: 1785318.000000 ms
CHILD 1 offset: -1000 us | synced: 1800321.000000 ms
CHILD 1 offset: 0 us | synced: 1815323.000000 ms
CHILD 1 offset: -1000 us | synced: 1830326.000000 ms
CHILD 1 offset: -1000 us | synced: 1845329.000000 ms
CHILD 1 offset: 0 us | synced: 1860331.000000 ms
CHILD 1 offset: -1000 us | synced: 1875334.000000 ms
CHILD 1 offset: -1000 us | synced: 1890337.000000 ms
CHILD 1 offset: -1000 us | synced: 1905340.000000 ms
CHILD 1 offset: 0 us | synced: 1920342.000000 ms
CHILD 1 offset: -1000 us | synced: 1935345.000000 ms
CHILD 1 offset: -1000 us | synced: 1950348.000000 ms
CHILD 1 offset: 0 us | synced: 1965350.000000 ms
CHILD 1 offset: 0 us | synced: 1980353.000000 ms
CHILD 1 offset: -1000 us | synced: 1995356.000000 ms
CHILD 1 offset: 0 us | synced: 2010358.000000 ms
CHILD 1 offset: -1000 us | synced: 2025361.000000 ms
CHILD 1 offset: -1000 us | synced: 2040364.000000 ms
CHILD 1 offset: -1000 us | synced: 2055367.000000 ms
CHILD 1 offset: 0 us | synced: 2070369.000000 ms
CHILD 1 offset: -1000 us | synced: 2085372.000000 ms
CHILD 1 offset: -1000 us | synced: 2100375.000000 ms
CHILD 1 offset: 0 us | synced: 2115377.000000 ms
CHILD 1 offset: -1000 us | synced: 2130380.000000 ms
CHILD 1 offset: -1000 us | synced: 2145383.000000 ms
CHILD 1 offset: 1000 us | synced: 2160385.000000 ms
CHILD 1 offset: -1000 us | synced: 2175388.000000 ms
CHILD 1 offset: -1000 us | synced: 2190391.000000 ms
CHILD 1 offset: -1000 us | synced: 2205394.000000 ms
CHILD 1 offset: 0 us | synced: 2220396.000000 ms
CHILD 1 offset: -1000 us | synced: 2235399.000000 ms
CHILD 1 offset: -1000 us | synced: 2250402.000000 ms
CHILD 1 offset: 0 us | synced: 2265404.000000 ms
CHILD 1 offset: -1000 us | synced: 2280407.000000 ms
CHILD 1 offset: -1000 us | synced: 2295410.000000 ms
CHILD 1 offset: 0 us | synced: 2310412.000000 ms
CHILD 1 offset: -1000 us | synced: 2325415.000000 ms
CHILD 1 offset: 0 us | synced: 2340418.000000 ms
CHILD 1 offset: -1000 us | synced: 2355421.000000 ms
CHILD 1 offset: 0 us | synced: 2370423.000000 ms
CHILD 1 offset: -1000 us | synced: 2385426.000000 ms
CHILD 1 offset: -1000 us | synced: 2400429.000000 ms
CHILD 1 offset: 0 us | synced: 2415431.000000 ms
CHILD 1 offset: -1000 us | synced: 2430434.000000 ms
CHILD 1 offset: -1000 us | synced: 2445437.000000 ms
CHILD 1 offset: 0 us | synced: 2460439.000000 ms
CHILD 1 offset: -1000 us | synced: 2475442.000000 ms
CHILD 1 offset: -1000 us | synced: 2490445.000000 ms
CHILD 1 offset: -1000 us | synced: 2505448.000000 ms
CHILD 1 offset: 1000 us | synced: 2520450.000000 ms
CHILD 1 offset: -1000 us | synced: 2535453.000000 ms
CHILD 1 offset: -1000 us | synced: 2550456.000000 ms
CHILD 1 offset: 0 us | synced: 2565458.000000 ms
CHILD 1 offset: -1000 us | synced: 2580461.000000 ms
CHILD 1 offset: -1000 us | synced: 2595464.000000 ms
CHILD 1 offset: 0 us | synced: 2610466.000000 ms
CHILD 1 offset: -1000 us | synced: 2625469.000000 ms
CHILD 1 offset: -1000 us | synced: 2640472.000000 ms
CHILD 1 offset: -1000 us | synced: 2655475.000000 ms
CHILD 1 offset: 0 us | synced: 2670477.000000 ms
CHILD 1 offset: -1000 us | synced: 2685480.000000 ms
CHILD 1 offset: -1000 us | synced: 2700483.000000 ms
CHILD 1 offset: 1000 us | synced: 2715485.000000 ms
CHILD 1 offset: -1000 us | synced: 2730488.000000 ms
CHILD 1 offset: -1000 us | synced: 2745491.000000 ms
CHILD 1 offset: 0 us | synced: 2760493.000000 ms
CHILD 1 offset: -1000 us | synced: 2775496.000000 ms
CHILD 1 offset: -1000 us | synced: 2790499.000000 ms
CHILD 1 offset: -1000 us | synced: 2805502.000000 ms
CHILD 1 offset: 0 us | synced: 2820504.000000 ms
CHILD 1 offset: -1000 us | synced: 2835507.000000 ms
CHILD 1 offset: -1000 us | synced: 2850510.000000 ms
CHILD 1 offset: 0 us | synced: 2865512.000000 ms
CHILD 1 offset: -1000 us | synced: 2880515.000000 ms
CHILD 1 offset: 0 us | synced: 2895518.000000 ms
CHILD 1 offset: 0 us | synced: 2910520.000000 ms
CHILD 1 offset: -1000 us | synced: 2925523.000000 ms
CHILD 1 offset: -1000 us | synced: 2940526.000000 ms
CHILD 1 offset: -1000 us | synced: 2955529.000000 ms
CHILD 1 offset: 0 us | synced: 2970531.000000 ms
CHILD 1 offset: -1000 us | synced: 2985534.000000 ms
CHILD 1 offset: -1000 us | synced: 3000537.000000 ms
CHILD 1 offset: 0 us | synced: 3015539.000000 ms
CHILD 1 offset: -1000 us | synced: 3030542.000000 ms
CHILD 1 offset: -1000 us | synced: 3045545.000000 ms
CHILD 1 offset: 0 us | synced: 3060547.000000 ms
CHILD 1 offset: 0 us | synced: 3075550.000000 ms
CHILD 1 offset: -1000 us | synced: 3090553.000000 ms
CHILD 1 offset: -1000 us | synced: 3105556.000000 ms
CHILD 1 offset: 0 us | synced: 3120558.000000 ms
CHILD 1 offset: -1000 us | synced: 3135561.000000 ms
CHILD 1 offset: -1000 us | synced: 3150564.000000 ms
CHILD 1 offset: 0 us | synced: 3165566.000000 ms
CHILD 1 offset: -1000 us | synced: 3180569.000000 ms
CHILD 1 offset: -1000 us | synced: 3195572.000000 ms
CHILD 1 offset: 0 us | synced: 3210574.000000 ms
CHILD 1 offset: -1000 us | synced: 3225577.000000 ms
CHILD 1 offset: -1000 us | synced: 3240580.000000 ms
CHILD 1 offset: 0 us | synced: 3255583.000000 ms
CHILD 1 offset: 0 us | synced: 3270585.000000 ms
CHILD 1 offset: -1000 us | synced: 3285588.000000 ms
CHILD 1 offset: -1000 us | synced: 3300591.000000 ms
CHILD 1 offset: 0 us | synced: 3315593.000000 ms
CHILD 1 offset: -1000 us | synced: 3330596.000000 ms
CHILD 1 offset: -1000 us | synced: 3345599.000000 ms
CHILD 1 offset: 0 us | synced: 3360601.000000 ms
CHILD 1 offset: -1000 us | synced: 3375604.000000 ms
CHILD 1 offset: -1000 us | synced: 3390607.000000 ms
CHILD 1 offset: -1000 us | synced: 3405610.000000 ms
CHILD 1 offset: 0 us | synced: 3420612.000000 ms
CHILD 1 offset: 0 us | synced: 3435615.000000 ms
CHILD 1 offset: -1000 us | synced: 3450618.000000 ms
CHILD 1 offset: 0 us | synced: 3465620.000000 ms
CHILD 1 offset: -1000 us | synced: 3480623.000000 ms
CHILD 1 offset: -1000 us | synced: 3495626.000000 ms
CHILD 1 offset: 0 us | synced: 3510628.000000 ms
CHILD 1 offset: -1000 us | synced: 3525631.000000 ms
CHILD 1 offset: -1000 us | synced: 3540634.000000 ms
CHILD 1 offset: -1000 us | synced: 3555637.000000 ms
CHILD 1 offset: 0 us | synced: 3570639.000000 ms
CHILD 1 offset: -1000 us | synced: 3585642.000000 ms
child: experiment complete (240 cycles)
